[sellzy-preview.netlify.app/index.html]
[backblue.gif]
[fade.gif]
[index.html]
[sellzy-preview.netlify.app/assets/images/favicon.png]
[sellzy-preview.netlify.app/assets/css/vendor/hugeicons/hgi-stroke-rounded.css]
[sellzy-preview.netlify.app/assets/css/vendor/slick.min.css]
[sellzy-preview.netlify.app/assets/css/vendor/nice-select.css]
[sellzy-preview.netlify.app/assets/css/vendor/animate.min.css]
[sellzy-preview.netlify.app/assets/images/logo.png]
[sellzy-preview.netlify.app/assets/css/style.css]
[sellzy-preview.netlify.app/index-2.html]
[sellzy-preview.netlify.app/index-4.html]
[sellzy-preview.netlify.app/index-3.html]
[sellzy-preview.netlify.app/index-5.html]
[sellzy-preview.netlify.app/about.html]
[sellzy-preview.netlify.app/product-details.html]
[sellzy-preview.netlify.app/product-details-2.html]
[sellzy-preview.netlify.app/product-details-3.html]
[sellzy-preview.netlify.app/product-details-5.html]
[sellzy-preview.netlify.app/product-details-4.html]
[sellzy-preview.netlify.app/wishlist-style-v1.html]
[sellzy-preview.netlify.app/product-details-6.html]
[sellzy-preview.netlify.app/wishlist-style-v2.html]
[sellzy-preview.netlify.app/cart-single-vendor.html]
[sellzy-preview.netlify.app/cart-multi-vendor.html]
[sellzy-preview.netlify.app/compare.html]
[sellzy-preview.netlify.app/vendors-grid.html]
[sellzy-preview.netlify.app/vendors-list.html]
[sellzy-preview.netlify.app/vendor-left-sidebar-marketplace.html]
[sellzy-preview.netlify.app/vendor-left-top-marketplace.html]
[sellzy-preview.netlify.app/vendor-account.html]
[sellzy-preview.netlify.app/vendor-dashboard.html]
[sellzy-preview.netlify.app/shop-left-sidebar-3col.html]
[sellzy-preview.netlify.app/shop-left-sidebar-4col.html]
[sellzy-preview.netlify.app/shop-left-sidebar-5col.html]
[sellzy-preview.netlify.app/banner-left-sidebar-3col.html]
[sellzy-preview.netlify.app/banner-left-sidebar-5col.html]
[sellzy-preview.netlify.app/banner-left-sidebar-4col.html]
[sellzy-preview.netlify.app/full-banner-3col.html]
[sellzy-preview.netlify.app/full-banner-4col.html]
[sellzy-preview.netlify.app/full-banner-5col.html]
[sellzy-preview.netlify.app/full-banner-6col.html]
[sellzy-preview.netlify.app/banner-with-horizontal-filter-3col.html]
[sellzy-preview.netlify.app/banner-with-horizontal-filter-4col.html]
[sellzy-preview.netlify.app/banner-with-horizontal-filter-5col.html]
[sellzy-preview.netlify.app/banner-with-horizontal-filter-6col.html]
[sellzy-preview.netlify.app/banner-list-with-sidebar.html]
[sellzy-preview.netlify.app/banner-list-without-sidebar-2col.html]
[sellzy-preview.netlify.app/banner-category-filter-3col.html]
[sellzy-preview.netlify.app/banner-category-filter-4col.html]
[sellzy-preview.netlify.app/banner-category-filter-5col.html]
[sellzy-preview.netlify.app/banner-category-filter-6col.html]
[sellzy-preview.netlify.app/404.html]
[sellzy-preview.netlify.app/coming-soon.html]
[sellzy-preview.netlify.app/faq.html]
[sellzy-preview.netlify.app/my-account.html]
[sellzy-preview.netlify.app/blog-grid.html]
[sellzy-preview.netlify.app/blog-list.html]
[sellzy-preview.netlify.app/blog-details.html]
[sellzy-preview.netlify.app/contact.html]
[sellzy-preview.netlify.app/assets/images/vitamin-c.png]
[sellzy-preview.netlify.app/images/discount-shape.3a.delayed]
[sellzy-preview.netlify.app/assets/images/apple-juice.png]
[sellzy-preview.netlify.app/assets/images/ground-nuts-oil.png]
[sellzy-preview.netlify.app/assets/images/vitamin-c-2.png]
[sellzy-preview.netlify.app/assets/images/temperature-gun-2.png]
[sellzy-preview.netlify.app/assets/images/aooca.png]
[sellzy-preview.netlify.app/assets/images/home-3/watermelon.png]
[sellzy-preview.netlify.app/assets/images/home-3/avocado.png]
[sellzy-preview.netlify.app/assets/images/home-3/pouch-mockup.png]
[sellzy-preview.netlify.app/assets/images/home-3/strawberry-snacks.png]
[sellzy-preview.netlify.app/assets/images/home-3/pomegranate.png]
[sellzy-preview.netlify.app/assets/images/authentication/register-illustration.png]
[sellzy-preview.netlify.app/checkout.html]
[sellzy-preview.netlify.app/assets/images/authentication/login-illustration.png]
[sellzy-preview.netlify.app/assets/images/authentication/forgot-password-illustration.png]
[sellzy-preview.netlify.app/assets/images/authentication/reset-illustration.png]
[sellzy-preview.netlify.app/assets/images/authentication/otp-verification-illustration.png]
[sellzy-preview.netlify.app/assets/images/product-details/product-details-18.png]
[sellzy-preview.netlify.app/assets/images/product-details/product-details-16.png]
[sellzy-preview.netlify.app/assets/images/product-details/product-details-17.png]
[sellzy-preview.netlify.app/assets/images/product-details/color-selector-1.png]
[sellzy-preview.netlify.app/assets/images/product-details/color-selector-2.png]
[sellzy-preview.netlify.app/assets/images/product-details/color-selector-3.png]
[sellzy-preview.netlify.app/assets/images/product-details/color-selector-4.png]
[sellzy-preview.netlify.app/assets/images/product-details/product-details-19.png]
[sellzy-preview.netlify.app/assets/images/product-details/product-details-20.png]
[sellzy-preview.netlify.app/assets/images/blog/user-avatar-1.png]
[sellzy-preview.netlify.app/assets/images/hand-sanitizer-1.png]
[sellzy-preview.netlify.app/assets/images/combat.png]
[sellzy-preview.netlify.app/assets/images/vitamin-b12.png]
[sellzy-preview.netlify.app/checkout-v2.html]
[sellzy-preview.netlify.app/order-successful.html]
[sellzy-preview.netlify.app/top-banner-left-sidebar-4col.html]
[sellzy-preview.netlify.app/top-banner-left-sidebar-3col.html]
[sellzy-preview.netlify.app/assets/images/bp-machine-2.png]
[sellzy-preview.netlify.app/top-banner-left-sidebar-5col.html]
[sellzy-preview.netlify.app/assets/images/temperature-gun-1.png]
[sellzy-preview.netlify.app/assets/images/bp-machine.png]
[sellzy-preview.netlify.app/assets/images/nutrageinz.png]
[sellzy-preview.netlify.app/images/slider-left-shape.61.delayed]
[sellzy-preview.netlify.app/images/slider-right-shape.62.delayed]
[sellzy-preview.netlify.app/assets/images/power-c.png]
[sellzy-preview.netlify.app/assets/images/diesel.png]
[sellzy-preview.netlify.app/assets/images/lshop.png]
[sellzy-preview.netlify.app/assets/images/matcha.png]
[sellzy-preview.netlify.app/assets/images/lotion-1.png]
[sellzy-preview.netlify.app/assets/images/cream-1.png]
[sellzy-preview.netlify.app/assets/images/orange.png]
[sellzy-preview.netlify.app/assets/images/cream-2.png]
[sellzy-preview.netlify.app/assets/images/cookies-1.png]
[sellzy-preview.netlify.app/assets/images/temperature-gun-3.png]
[sellzy-preview.netlify.app/assets/images/tonik.png]
[sellzy-preview.netlify.app/assets/images/flowerbomb.png]
[sellzy-preview.netlify.app/assets/images/green-beas.png]
[sellzy-preview.netlify.app/assets/images/orange-2.png]
[sellzy-preview.netlify.app/assets/images/night-serum.png]
[sellzy-preview.netlify.app/assets/images/hand-sanitizer-2.png]
[sellzy-preview.netlify.app/assets/images/mask.png]
[sellzy-preview.netlify.app/assets/images/antibiotic.jpg]
[sellzy-preview.netlify.app/assets/images/sphygmomanometer.jpg]
[sellzy-preview.netlify.app/assets/images/softovac.png]
[sellzy-preview.netlify.app/assets/images/ever-herb.png]
[sellzy-preview.netlify.app/assets/images/gillette.png]
[sellzy-preview.netlify.app/assets/images/honitus.png]
[sellzy-preview.netlify.app/assets/images/liveasy.png]
[sellzy-preview.netlify.app/assets/images/aacka.png]
[sellzy-preview.netlify.app/shop-left-sidebar.7c.delayed]
[sellzy-preview.netlify.app/assets/images/bp-machine-3.png]
[sellzy-preview.netlify.app/assets/images/baked-beans.png]
[sellzy-preview.netlify.app/assets/images/cosmetic-bundle.png]
[sellzy-preview.netlify.app/assets/images/blog/blog-grid-1.png]
[sellzy-preview.netlify.app/assets/images/blog/blog-grid-2.png]
[sellzy-preview.netlify.app/assets/images/blog/blog-grid-3.png]
[sellzy-preview.netlify.app/assets/images/blog/blog-grid-4.png]
[sellzy-preview.netlify.app/images/footer-left-shape.84.delayed]
[sellzy-preview.netlify.app/images/footer-right-shape.85.delayed]
[sellzy-preview.netlify.app/assets/images/footer-logo.svg]
[sellzy-preview.netlify.app/assets/images/google-play.png]
[sellzy-preview.netlify.app/assets/images/apple-store.png]
[sellzy-preview.netlify.app/assets/images/payment-methods.png]
[sellzy-preview.netlify.app/images/bottom-border.8a.delayed]
[sellzy-preview.netlify.app/assets/js/vendor/jquery-3.7.1.min.js]
[sellzy-preview.netlify.app/assets/js/vendor/slick.min.js]
[sellzy-preview.netlify.app/assets/js/vendor/jquery.countdown.min.js]
[sellzy-preview.netlify.app/assets/js/vendor/jquery.nice-select.min.js]
[sellzy-preview.netlify.app/assets/js/vendor/jquery.counterup-2.min.js]
[sellzy-preview.netlify.app/assets/js/vendor/jquery.magnific-popup.min.js]
[sellzy-preview.netlify.app/assets/js/vendor/nouislider.min.js]
[sellzy-preview.netlify.app/assets/js/vendor/wow.min.js]
[sellzy-preview.netlify.app/index.html]
[sellzy-preview.netlify.app/assets/js/main.js]
[sellzy-preview.netlify.app/assets/css/vendor/hugeicons/hgi-stroke-rounded13e8.woff2]
[sellzy-preview.netlify.app/assets/css/vendor/hugeicons/hgi-stroke-rounded13e8.eot]
[sellzy-preview.netlify.app/assets/css/vendor/hugeicons/hgi-stroke-rounded13e8.woff]
[sellzy-preview.netlify.app/assets/css/vendor/hugeicons/hgi-stroke-rounded13e8.ttf]
[sellzy-preview.netlify.app/assets/css/vendor/hugeicons/hgi-stroke-rounded.9813e8.delayed]
[sellzy-preview.netlify.app/assets/css/vendor/hugeicons/hgi-stroke-rounded.css]
[sellzy-preview.netlify.app/assets/css/vendor/slick.min.css]
[sellzy-preview.netlify.app/assets/css/vendor/nice-select.css]
[sellzy-preview.netlify.app/assets/css/vendor/animate.min.css]
[sellzy-preview.netlify.app/assets/images/bottom-border.png]
[sellzy-preview.netlify.app/assets/images/home-4/black-dress-woman.png]
[sellzy-preview.netlify.app/assets/images/home-5/promo-bg-1.png]
[sellzy-preview.netlify.app/assets/images/home-5/promo-bg-2.jpg]
[sellzy-preview.netlify.app/assets/images/home-5/promo-bg-3.jpg]
[sellzy-preview.netlify.app/assets/images/home-5/promo-bg-4.png]
[sellzy-preview.netlify.app/assets/images/home-5/promo-grid-1.jpg]
[sellzy-preview.netlify.app/assets/images/home-5/promo-grid-2.jpg]
[sellzy-preview.netlify.app/assets/images/home-5/promo-grid-3.jpg]
[sellzy-preview.netlify.app/assets/images/product-details/product-details-9.jpg]
[sellzy-preview.netlify.app/assets/images/product-details/product-details-10.jpg]
[sellzy-preview.netlify.app/assets/images/product-details/product-details-11.a4.delayed]
[sellzy-preview.netlify.app/assets/images/product-details/product-details-12.jpg]
[sellzy-preview.netlify.app/assets/images/product-details/product-details-13.png]
[sellzy-preview.netlify.app/assets/images/star-icon.png]
[sellzy-preview.netlify.app/assets/images/home-2/apply-facewash.jpg]
[sellzy-preview.netlify.app/assets/images/home-3/tomato-ketchup-bg.png]
[sellzy-preview.netlify.app/assets/images/home-2/apply-makeup-1.jpg]
[sellzy-preview.netlify.app/assets/images/home-2/apply-makeup-2.jpg]
[sellzy-preview.netlify.app/assets/images/home-2/cosmetic-bg.jpg]
[sellzy-preview.netlify.app/assets/images/home-2/female.jpg]
[sellzy-preview.netlify.app/assets/images/home-2/hero-promo-1.png]
[sellzy-preview.netlify.app/assets/images/home-2/hero-promo-2.png]
[sellzy-preview.netlify.app/assets/images/home-2/promo-bg-1.jpg]
[sellzy-preview.netlify.app/assets/images/home-2/promo-bg-2.jpg]
[sellzy-preview.netlify.app/assets/images/home-2/promo-bg-3.jpg]
[sellzy-preview.netlify.app/assets/images/home-2/promo-bg-4.jpg]
[sellzy-preview.netlify.app/assets/images/home-3/corn-can-bg.png]
[sellzy-preview.netlify.app/assets/images/home-3/hot-sauce-bg.jpg]
[sellzy-preview.netlify.app/assets/images/home-3/mango-juice-bg.png]
[sellzy-preview.netlify.app/assets/images/home-4/kid-with-skateboard.jpg]
[sellzy-preview.netlify.app/assets/images/home-4/man-woman.png]
[sellzy-preview.netlify.app/assets/images/home-5/countdown-bg.png]
[sellzy-preview.netlify.app/assets/images/home-4/2-women-red-dress.png]
[sellzy-preview.netlify.app/assets/images/home-4/promo-card-2.bb.delayed]
[sellzy-preview.netlify.app/assets/images/home-4/promo-card-3.bc.delayed]
[sellzy-preview.netlify.app/assets/images/vendor-filter-top-shape.png]
[sellzy-preview.netlify.app/assets/images/discount-primary-shape.png]
[sellzy-preview.netlify.app/assets/images/discount-shape.png]
[sellzy-preview.netlify.app/assets/images/discount-warning-shape.png]
[sellzy-preview.netlify.app/assets/images/banner-horizontal-filter/banner-1.png]
[sellzy-preview.netlify.app/assets/images/banner-horizontal-filter/banner-2.png]
[sellzy-preview.netlify.app/assets/images/banner-horizontal-filter/banner-3.png]
[sellzy-preview.netlify.app/assets/images/banner-horizontal-filter/banner-4.png]
[sellzy-preview.netlify.app/assets/images/banner-left-sidebar/banner-1.png]
[sellzy-preview.netlify.app/assets/images/banner-left-sidebar/banner-2.png]
[sellzy-preview.netlify.app/assets/images/banner-left-sidebar/banner-3.png]
[sellzy-preview.netlify.app/assets/images/full-banner/banner-1.png]
[sellzy-preview.netlify.app/assets/images/full-banner/banner-2.png]
[sellzy-preview.netlify.app/assets/images/full-banner/banner-3.png]
[sellzy-preview.netlify.app/assets/images/full-banner/banner-4.png]
[sellzy-preview.netlify.app/assets/images/full-banner/banner-5.png]
[sellzy-preview.netlify.app/assets/images/home-1/hero-1.png]
[sellzy-preview.netlify.app/assets/images/home-1/hero-2.png]
[sellzy-preview.netlify.app/assets/images/home-1/hero-3.png]
[sellzy-preview.netlify.app/assets/images/home-1/hero-4.png]
[sellzy-preview.netlify.app/assets/images/home-2/hero-1.png]
[sellzy-preview.netlify.app/assets/images/home-2/hero-2.png]
[sellzy-preview.netlify.app/assets/images/home-2/hero-3.png]
[sellzy-preview.netlify.app/assets/images/home-2/hero-4.png]
[sellzy-preview.netlify.app/assets/images/home-2/hero-5.png]
[sellzy-preview.netlify.app/assets/images/home-3/hero-1.png]
[sellzy-preview.netlify.app/assets/images/home-3/hero-2.png]
[sellzy-preview.netlify.app/assets/images/home-3/hero-3.png]
[sellzy-preview.netlify.app/assets/images/home-3/hero-4.png]
[sellzy-preview.netlify.app/assets/images/home-3/hero-5.png]
[sellzy-preview.netlify.app/assets/images/home-4/hero-1.png]
[sellzy-preview.netlify.app/assets/images/home-4/hero-2.png]
[sellzy-preview.netlify.app/assets/images/home-4/hero-3.png]
[sellzy-preview.netlify.app/assets/images/home-4/hero-4.png]
[sellzy-preview.netlify.app/assets/images/home-4/hero-5.png]
[sellzy-preview.netlify.app/assets/images/home-5/hero-1.png]
[sellzy-preview.netlify.app/assets/images/home-5/hero-2.png]
[sellzy-preview.netlify.app/assets/images/home-5/hero-3.png]
[sellzy-preview.netlify.app/assets/images/home-5/hero-4.png]
[sellzy-preview.netlify.app/assets/images/home-5/hero-5.png]
[sellzy-preview.netlify.app/assets/images/top-banner-left-filter/banner-1.png]
[sellzy-preview.netlify.app/assets/images/top-banner-left-filter/banner-2.png]
[sellzy-preview.netlify.app/assets/images/top-banner-left-filter/banner-3.png]
[sellzy-preview.netlify.app/assets/images/home-2/slider-left-shape-2.png]
[sellzy-preview.netlify.app/assets/images/slider-left-shape.png]
[sellzy-preview.netlify.app/assets/images/slider-right-shape.png]
[sellzy-preview.netlify.app/assets/images/footer-left-shape.png]
[sellzy-preview.netlify.app/assets/images/footer-right-shape.png]
[sellzy-preview.netlify.app/assets/images/banner-left-shape.png]
[sellzy-preview.netlify.app/assets/images/banner-right-shape.png]
[sellzy-preview.netlify.app/assets/css/style.css]
[sellzy-preview.netlify.app/assets/images/home-2/category-bg-1.png]
[sellzy-preview.netlify.app/assets/images/home-2/category-bg-2.png]
[sellzy-preview.netlify.app/assets/images/home-2/category-bg-3.png]
[sellzy-preview.netlify.app/assets/images/home-2/category-bg-4.png]
[sellzy-preview.netlify.app/assets/images/home-2/category-bg-5.png]
[sellzy-preview.netlify.app/assets/images/home-2/category-bg-6.png]
[sellzy-preview.netlify.app/assets/images/home-2/category-bg-7.png]
[sellzy-preview.netlify.app/assets/images/home-2/category-bg-8.png]
[sellzy-preview.netlify.app/images/home-2/slider-left-shape-2.f7.delayed]
[sellzy-preview.netlify.app/assets/images/home-2/product-image-6.png]
[sellzy-preview.netlify.app/assets/images/home-2/product-image-7.png]
[sellzy-preview.netlify.app/assets/images/home-2/product-image-8.png]
[sellzy-preview.netlify.app/assets/images/home-2/product-image-9.png]
[sellzy-preview.netlify.app/assets/images/home-2/product-image-10.png]
[sellzy-preview.netlify.app/assets/images/home-2/product-image-1.png]
[sellzy-preview.netlify.app/assets/images/home-2/product-image-2.png]
[sellzy-preview.netlify.app/assets/images/home-2/product-image-3.png]
[sellzy-preview.netlify.app/assets/images/home-2/product-image-4.png]
[sellzy-preview.netlify.app/assets/images/home-2/product-image-5.png]
[sellzy-preview.netlify.app/assets/images/home-2/spa-logo.png]
[sellzy-preview.netlify.app/assets/images/home-2/cosmetic-logo.png]
[sellzy-preview.netlify.app/assets/images/home-2/beauty-logo.png]
[sellzy-preview.netlify.app/assets/images/home-2/salon-logo.png]
[sellzy-preview.netlify.app/assets/images/home-2/boutique-logo.png]
[sellzy-preview.netlify.app/assets/images/home-2/therapy-logo.png]
[sellzy-preview.netlify.app/assets/images/multi-vendor-slider-image-1.png]
[sellzy-preview.netlify.app/images/discount-primary-shape.109.delayed]
[sellzy-preview.netlify.app/assets/images/multi-vendor-slider-image-2.png]
[sellzy-preview.netlify.app/assets/images/multi-vendor-slider-image-3.png]
[sellzy-preview.netlify.app/assets/images/multi-vendor-slider-image-4.png]
[sellzy-preview.netlify.app/assets/images/multi-vendor-slider-image-5.png]
[sellzy-preview.netlify.app/assets/images/home-2/product-image-14.png]
[sellzy-preview.netlify.app/assets/images/home-2/product-image-15.png]
[sellzy-preview.netlify.app/assets/images/home-2/product-image-16.png]
[sellzy-preview.netlify.app/assets/images/home-2/product-image-17.png]
[sellzy-preview.netlify.app/assets/images/home-2/product-image-18.png]
[sellzy-preview.netlify.app/assets/images/home-2/product-image-19.png]
[sellzy-preview.netlify.app/assets/images/home-2/product-image-12.png]
[sellzy-preview.netlify.app/assets/images/home-2/product-image-20.png]
[sellzy-preview.netlify.app/assets/images/home-2/product-image-11.png]
[sellzy-preview.netlify.app/assets/images/home-2/product-image-13.png]
[sellzy-preview.netlify.app/assets/images/home-2/product-image-21.png]
[sellzy-preview.netlify.app/assets/images/home-2/product-image-22.png]
[sellzy-preview.netlify.app/assets/images/home-2/product-image-23.png]
[sellzy-preview.netlify.app/assets/images/merck.png]
[sellzy-preview.netlify.app/assets/images/norton.png]
[sellzy-preview.netlify.app/assets/images/abbott.png]
[sellzy-preview.netlify.app/assets/images/davita.png]
[sellzy-preview.netlify.app/assets/images/blog/blog-grid-5.png]
[sellzy-preview.netlify.app/assets/images/blog/blog-grid-6.png]
[sellzy-preview.netlify.app/assets/images/blog/blog-grid-7.png]
[sellzy-preview.netlify.app/assets/images/blog/blog-grid-8.png]
[sellzy-preview.netlify.app/index-2.html]
[sellzy-preview.netlify.app/assets/images/home-3/apple-juice.png]
[sellzy-preview.netlify.app/assets/images/home-3/fresh-beans.png]
[sellzy-preview.netlify.app/assets/images/home-3/eggs.png]
[sellzy-preview.netlify.app/assets/images/home-3/cabbage.png]
[sellzy-preview.netlify.app/assets/images/home-3/strawberry.png]
[sellzy-preview.netlify.app/assets/images/home-3/kiwi.png]
[sellzy-preview.netlify.app/assets/images/home-3/apple.png]
[sellzy-preview.netlify.app/assets/images/home-3/lettuce.png]
[sellzy-preview.netlify.app/assets/images/home-3/chicken-meat.png]
[sellzy-preview.netlify.app/assets/images/home-3/aptamil.png]
[sellzy-preview.netlify.app/assets/images/home-3/apple-juice-small.png]
[sellzy-preview.netlify.app/assets/images/home-3/lime-chips.png]
[sellzy-preview.netlify.app/assets/images/home-3/veggie-pops.png]
[sellzy-preview.netlify.app/assets/images/home-3/juice-1.png]
[sellzy-preview.netlify.app/assets/images/home-3/papaya.png]
[sellzy-preview.netlify.app/assets/images/home-3/greek-plain.png]
[sellzy-preview.netlify.app/assets/images/home-3/lemon-juice.png]
[sellzy-preview.netlify.app/assets/images/home-3/yogurt.png]
[sellzy-preview.netlify.app/assets/images/home-3/loose-eggs.png]
[sellzy-preview.netlify.app/cart.single-vendor.136.delayed]
[sellzy-preview.netlify.app/assets/images/home-3/greek-yogurt.png]
[sellzy-preview.netlify.app/assets/images/home-3/farm-fresh-banner-nuts.138.delayed]
[sellzy-preview.netlify.app/assets/images/home-3/halo-top.png]
[sellzy-preview.netlify.app/assets/images/home-3/whole-chicken.png]
[sellzy-preview.netlify.app/assets/images/home-3/3-eggs.png]
[sellzy-preview.netlify.app/assets/images/home-3/orange.png]
[sellzy-preview.netlify.app/assets/images/home-3/fish-1.png]
[sellzy-preview.netlify.app/assets/images/home-3/t-bone-steak-meat.png]
[sellzy-preview.netlify.app/blog.13f.delayed]
[sellzy-preview.netlify.app/assets/images/home-3/nuts.png]
[sellzy-preview.netlify.app/assets/images/home-3/tomato-ketchup.png]
[sellzy-preview.netlify.app/assets/images/home-3/corn-can.png]
[sellzy-preview.netlify.app/assets/images/home-3/strawberry-yogurt.png]
[sellzy-preview.netlify.app/index-3.html]
[sellzy-preview.netlify.app/assets/images/home-4/outfit-person-1.png]
[sellzy-preview.netlify.app/comapre.145.delayed]
[sellzy-preview.netlify.app/assets/images/home-4/outfit-person-2.png]
[sellzy-preview.netlify.app/assets/images/home-4/outfit-person-3.png]
[sellzy-preview.netlify.app/assets/images/home-4/outfit-person-4.png]
[sellzy-preview.netlify.app/assets/images/home-4/outfit-person-5.png]
[sellzy-preview.netlify.app/assets/images/home-4/outfit-person-6.png]
[sellzy-preview.netlify.app/assets/images/home-4/outfit-person-7.png]
[sellzy-preview.netlify.app/assets/images/home-4/outfit-person-8.png]
[sellzy-preview.netlify.app/assets/images/home-4/outfit-person-9.png]
[sellzy-preview.netlify.app/assets/images/home-4/outfit-person-10.png]
[sellzy-preview.netlify.app/images/home-4/black-dress-woman.14f.delayed]
[sellzy-preview.netlify.app/assets/images/home-4/cowshed.png]
[sellzy-preview.netlify.app/assets/images/home-4/ninoa.png]
[sellzy-preview.netlify.app/assets/images/home-4/claudia.png]
[sellzy-preview.netlify.app/assets/images/home-4/minut.png]
[sellzy-preview.netlify.app/assets/images/home-4/orchard.png]
[sellzy-preview.netlify.app/assets/images/home-4/outfit-person-11.png]
[sellzy-preview.netlify.app/assets/images/home-4/outfit-person-18.png]
[sellzy-preview.netlify.app/assets/images/home-4/outfit-person-17.png]
[sellzy-preview.netlify.app/assets/images/home-4/outfit-person-15.png]
[sellzy-preview.netlify.app/assets/images/home-4/outfit-person-19.png]
[sellzy-preview.netlify.app/assets/images/home-4/outfit-person-12.png]
[sellzy-preview.netlify.app/assets/images/home-4/outfit-person-13.png]
[sellzy-preview.netlify.app/assets/images/home-4/outfit-person-14.png]
[sellzy-preview.netlify.app/assets/images/home-4/outfit-person-16.png]
[sellzy-preview.netlify.app/index-4.html]
[sellzy-preview.netlify.app/assets/images/home-5/drone.png]
[sellzy-preview.netlify.app/assets/images/home-5/samsung-phone-1.png]
[sellzy-preview.netlify.app/assets/images/home-5/tablet.png]
[sellzy-preview.netlify.app/assets/images/home-5/power-bank.png]
[sellzy-preview.netlify.app/assets/images/home-5/ipad-2.png]
[sellzy-preview.netlify.app/assets/images/home-5/action-cam.png]
[sellzy-preview.netlify.app/assets/images/home-5/game-pad.png]
[sellzy-preview.netlify.app/assets/images/home-5/washing-machine.png]
[sellzy-preview.netlify.app/assets/images/home-5/tv.png]
[sellzy-preview.netlify.app/assets/images/home-5/playstation.png]
[sellzy-preview.netlify.app/assets/images/home-5/storage.png]
[sellzy-preview.netlify.app/assets/images/home-5/earpods.png]
[sellzy-preview.netlify.app/assets/images/home-5/samsung-phone-2.png]
[sellzy-preview.netlify.app/assets/images/home-5/headphone.png]
[sellzy-preview.netlify.app/assets/images/home-5/iphone.png]
[sellzy-preview.netlify.app/assets/images/home-5/laptop.png]
[sellzy-preview.netlify.app/assets/images/home-5/airfryer.png]
[sellzy-preview.netlify.app/assets/images/home-5/oven.png]
[sellzy-preview.netlify.app/assets/images/home-5/smart-watch-2.png]
[sellzy-preview.netlify.app/assets/images/home-5/redmi.png]
[sellzy-preview.netlify.app/assets/images/home-5/speaker.png]
[sellzy-preview.netlify.app/assets/images/home-5/redphone.png]
[sellzy-preview.netlify.app/assets/images/home-5/iphone-2.png]
[sellzy-preview.netlify.app/assets/images/home-5/ipad-1.png]
[sellzy-preview.netlify.app/assets/images/home-5/macbook.png]
[sellzy-preview.netlify.app/assets/images/home-5/content-logo-1.png]
[sellzy-preview.netlify.app/assets/images/home-5/content-logo-2.png]
[sellzy-preview.netlify.app/assets/images/home-5/content-logo-3.png]
[sellzy-preview.netlify.app/assets/images/home-5/content-logo-4.png]
[sellzy-preview.netlify.app/assets/images/home-5/content-logo-5.png]
[sellzy-preview.netlify.app/assets/images/home-5/content-logo-6.png]
[sellzy-preview.netlify.app/assets/images/home-5/samsung-phone-3.png]
[sellzy-preview.netlify.app/assets/images/home-5/game-pad-2.png]
[sellzy-preview.netlify.app/images/home-5/promo-bg-1.17f.delayed]
[sellzy-preview.netlify.app/images/home-5/promo-bg-2.180.delayed]
[sellzy-preview.netlify.app/images/home-5/promo-bg-3.181.delayed]
[sellzy-preview.netlify.app/images/home-5/promo-bg-4.182.delayed]
[sellzy-preview.netlify.app/images/home-5/promo-grid-1.183.delayed]
[sellzy-preview.netlify.app/images/home-5/promo-grid-2.184.delayed]
[sellzy-preview.netlify.app/images/home-5/promo-grid-3.185.delayed]
[sellzy-preview.netlify.app/assets/images/home-5/smart-watch-1.png]
[sellzy-preview.netlify.app/index-5.html]
[sellzy-preview.netlify.app/assets/css/vendor/nouislider.min.css]
[sellzy-preview.netlify.app/assets/css/vendor/magnific-popup.css]
[sellzy-preview.netlify.app/assets/images/about/man-woman.jpg]
[sellzy-preview.netlify.app/assets/images/about/two-women.jpg]
[sellzy-preview.netlify.app/assets/images/about/woman-on-phone.jpg]
[sellzy-preview.netlify.app/assets/images/about/woman-bg.png]
[sellzy-preview.netlify.app/assets/images/vendors-list/vendor-profile.png]
[sellzy-preview.netlify.app/assets/images/about/female-green-bg.jpg]
[sellzy-preview.netlify.app/assets/images/about/team-person-1.png]
[sellzy-preview.netlify.app/assets/images/about/team-person-2.png]
[sellzy-preview.netlify.app/assets/images/about/team-person-3.png]
[sellzy-preview.netlify.app/assets/images/about/team-person-4.png]
[sellzy-preview.netlify.app/about.html]
[sellzy-preview.netlify.app/assets/images/product-details/product-details-slider-1.png]
[sellzy-preview.netlify.app/assets/images/product-details/product-details-slider-2.png]
[sellzy-preview.netlify.app/assets/images/product-details/product-details-slider-3.png]
[sellzy-preview.netlify.app/assets/images/product-details/product-details-slider-4.png]
[sellzy-preview.netlify.app/assets/images/product-details/product-details-slider-5.png]
[sellzy-preview.netlify.app/assets/images/product-details/product-details-slider-6.png]
[sellzy-preview.netlify.app/images/discount-warning-shape.199.delayed]
[sellzy-preview.netlify.app/assets/images/product-details/product-details-1.png]
[sellzy-preview.netlify.app/assets/images/product-details/product-details-2.png]
[sellzy-preview.netlify.app/product-details.html]
[sellzy-preview.netlify.app/product-details-2.html]
[sellzy-preview.netlify.app/assets/images/product-details/product-details-slider-7.png]
[sellzy-preview.netlify.app/assets/images/product-details/product-details-slider-8.png]
[sellzy-preview.netlify.app/assets/images/product-details/payment-methods.png]
[sellzy-preview.netlify.app/assets/images/product-details/product-details-4.jpg]
[sellzy-preview.netlify.app/assets/images/product-details/product-details-3.jpg]
[sellzy-preview.netlify.app/product-details-3.html]
[sellzy-preview.netlify.app/images/product-details/product-details-9.1a1.delayed]
[sellzy-preview.netlify.app/images/product-details/product-details-10.1a2.delayed]
[sellzy-preview.netlify.app/images/product-details/product-details-11.1a3.delayed]
[sellzy-preview.netlify.app/images/product-details/product-details-12.1a4.delayed]
[sellzy-preview.netlify.app/images/product-details/product-details-13.1a5.delayed]
[sellzy-preview.netlify.app/assets/images/product-details/product-details-15.png]
[sellzy-preview.netlify.app/assets/images/product-details/product-details-14.png]
[sellzy-preview.netlify.app/product-details-4.html]
[sellzy-preview.netlify.app/assets/images/product-details/electronics-2.png]
[sellzy-preview.netlify.app/assets/images/product-details/electronics-3.png]
[sellzy-preview.netlify.app/assets/images/product-details/electronics-4.png]
[sellzy-preview.netlify.app/assets/images/product-details/electronics-5.png]
[sellzy-preview.netlify.app/assets/images/product-details/electronics-6.png]
[sellzy-preview.netlify.app/assets/images/product-details/electronics-7.png]
[sellzy-preview.netlify.app/assets/images/product-details/electronics-8.png]
[sellzy-preview.netlify.app/product-details-5.html]
[sellzy-preview.netlify.app/product-details-6.html]
[sellzy-preview.netlify.app/wishlist-style-v1.html]
[sellzy-preview.netlify.app/wishlist-style-v2.html]
[sellzy-preview.netlify.app/cart-single-vendor.html]
[sellzy-preview.netlify.app/cart-multi-vendor.html]
[sellzy-preview.netlify.app/assets/images/compare/compare-2.png]
[sellzy-preview.netlify.app/assets/images/compare/compare-3.png]
[sellzy-preview.netlify.app/assets/images/compare/compare-4.png]
[sellzy-preview.netlify.app/compare.html]
[sellzy-preview.netlify.app/assets/images/vendors-list/vendor-1.png]
[sellzy-preview.netlify.app/assets/images/vendors-list/vendor-2.png]
[sellzy-preview.netlify.app/assets/images/vendors-list/vendor-3.png]
[sellzy-preview.netlify.app/assets/images/vendors-list/vendor-4.png]
[sellzy-preview.netlify.app/assets/images/vendors-list/vendor-5.png]
[sellzy-preview.netlify.app/assets/images/vendors-list/vendor-6.png]
[sellzy-preview.netlify.app/vendors-grid.html]
[sellzy-preview.netlify.app/assets/images/vendors-list/vendor-list-view-1.png]
[sellzy-preview.netlify.app/assets/images/vendors-list/vendor-list-view-2.png]
[sellzy-preview.netlify.app/assets/images/vendors-list/vendor-list-view-3.png]
[sellzy-preview.netlify.app/vendors-list.html]
[sellzy-preview.netlify.app/images/vendor-filter-top-shape.1bb.delayed]
[sellzy-preview.netlify.app/vendor-left-sidebar-marketplace.html]
[sellzy-preview.netlify.app/vendor-left-top-marketplace.html]
[sellzy-preview.netlify.app/assets/images/red-shirt-female.png]
[sellzy-preview.netlify.app/assets/images/2-girls.jpg]
[sellzy-preview.netlify.app/vendor-account.html]
[sellzy-preview.netlify.app/vendor-dashboard.html]
[sellzy-preview.netlify.app/shop-left-sidebar-3col.html]
[sellzy-preview.netlify.app/shop-left-sidebar-4col.html]
[sellzy-preview.netlify.app/shop-left-sidebar-5col.html]
[sellzy-preview.netlify.app/banner-left-sidebar-3col.html]
[sellzy-preview.netlify.app/banner-left-sidebar-4col.html]
[sellzy-preview.netlify.app/banner-left-sidebar-5col.html]
[sellzy-preview.netlify.app/full-banner-3col.html]
[sellzy-preview.netlify.app/full-banner-4col.html]
[sellzy-preview.netlify.app/full-banner-5col.html]
[sellzy-preview.netlify.app/full-banner-6col.html]
[sellzy-preview.netlify.app/assets/js/vendor/apexcharts.min.js]
[sellzy-preview.netlify.app/images/banner-horizontal-filter/banner-1.1bf.delayed]
[sellzy-preview.netlify.app/images/banner-horizontal-filter/banner-2.1c0.delayed]
[sellzy-preview.netlify.app/images/banner-horizontal-filter/banner-3.1c1.delayed]
[sellzy-preview.netlify.app/images/banner-horizontal-filter/banner-4.1c2.delayed]
[sellzy-preview.netlify.app/banner-with-horizontal-filter-3col.html]
[sellzy-preview.netlify.app/banner-with-horizontal-filter-4col.html]
[sellzy-preview.netlify.app/banner-with-horizontal-filter-5col.html]
[sellzy-preview.netlify.app/banner-with-horizontal-filter-6col.html]
[sellzy-preview.netlify.app/banner-list-with-sidebar.html]
[sellzy-preview.netlify.app/banner-list-without-sidebar-2col.html]
[sellzy-preview.netlify.app/banner-category-filter-3col.html]
[sellzy-preview.netlify.app/banner-category-filter-4col.html]
[sellzy-preview.netlify.app/assets/images/home-4/pink-dress-girl.png]
[sellzy-preview.netlify.app/banner-category-filter-5col.html]
[sellzy-preview.netlify.app/banner-category-filter-6col.html]
[sellzy-preview.netlify.app/assets/images/404.png]
[sellzy-preview.netlify.app/404.html]
[sellzy-preview.netlify.app/coming-soon.html]
[sellzy-preview.netlify.app/faq.html]
[sellzy-preview.netlify.app/my-account.html]
[sellzy-preview.netlify.app/blog-grid.html]
[sellzy-preview.netlify.app/blog-list.html]
[sellzy-preview.netlify.app/assets/images/blog/blog-details.jpg]
[sellzy-preview.netlify.app/blog-details.html]
[sellzy-preview.netlify.app/contact.html]
[sellzy-preview.netlify.app/images/discount-shape.html]
[sellzy-preview.netlify.app/assets/images/visa-logo.png]
[sellzy-preview.netlify.app/checkout.html]
[sellzy-preview.netlify.app/checkout-v2.html]
[sellzy-preview.netlify.app/assets/images/order-success-Illustration.png]
[sellzy-preview.netlify.app/order-successful.html]
[sellzy-preview.netlify.app/top-banner-left-sidebar-3col.html]
[sellzy-preview.netlify.app/top-banner-left-sidebar-4col.html]
[sellzy-preview.netlify.app/top-banner-left-sidebar-5col.html]
[sellzy-preview.netlify.app/images/slider-left-shape.html]
[sellzy-preview.netlify.app/images/slider-right-shape.html]
[sellzy-preview.netlify.app/shop-left-sidebar.html]
[sellzy-preview.netlify.app/images/footer-left-shape.html]
[sellzy-preview.netlify.app/images/footer-right-shape.html]
[sellzy-preview.netlify.app/assets/images/footer-logo.svg]
[sellzy-preview.netlify.app/images/bottom-border.html]
[sellzy-preview.netlify.app/assets/css/vendor/hugeicons/hgi-stroke-rounded13e8.html]
[sellzy-preview.netlify.app/assets/images/product-details/product-details-11.html]
[sellzy-preview.netlify.app/assets/images/home-4/promo-card-2.html]
[sellzy-preview.netlify.app/assets/images/home-4/promo-card-3.html]
[sellzy-preview.netlify.app/images/home-2/slider-left-shape-2.html]
[sellzy-preview.netlify.app/images/discount-primary-shape.html]
[sellzy-preview.netlify.app/cart.single-vendor.html]
[sellzy-preview.netlify.app/assets/images/home-3/farm-fresh-banner-nuts.html]
[sellzy-preview.netlify.app/blog.html]
[sellzy-preview.netlify.app/comapre.html]
[sellzy-preview.netlify.app/images/home-4/black-dress-woman.html]
[sellzy-preview.netlify.app/images/home-5/promo-bg-1.html]
[sellzy-preview.netlify.app/images/home-5/promo-bg-2.html]
[sellzy-preview.netlify.app/images/home-5/promo-bg-3.html]
[sellzy-preview.netlify.app/images/home-5/promo-bg-4.html]
[sellzy-preview.netlify.app/images/home-5/promo-grid-1.html]
[sellzy-preview.netlify.app/images/home-5/promo-grid-2.html]
[sellzy-preview.netlify.app/images/home-5/promo-grid-3.html]
[sellzy-preview.netlify.app/assets/css/vendor/nouislider.min.css]
[sellzy-preview.netlify.app/assets/css/vendor/magnific-popup.css]
[sellzy-preview.netlify.app/images/discount-warning-shape.html]
[sellzy-preview.netlify.app/images/product-details/product-details-9.html]
[sellzy-preview.netlify.app/images/product-details/product-details-10.html]
[sellzy-preview.netlify.app/images/product-details/product-details-11.html]
[sellzy-preview.netlify.app/images/product-details/product-details-12.html]
[sellzy-preview.netlify.app/images/product-details/product-details-13.html]
[sellzy-preview.netlify.app/images/vendor-filter-top-shape.html]
[sellzy-preview.netlify.app/images/banner-horizontal-filter/banner-1.html]
[sellzy-preview.netlify.app/images/banner-horizontal-filter/banner-2.html]
[sellzy-preview.netlify.app/images/banner-horizontal-filter/banner-3.html]
[sellzy-preview.netlify.app/images/banner-horizontal-filter/banner-4.html]
